// Jest Snapshot v1, https://goo.gl/fbAQLP

exports[`Nav component matches snapshot DOM node structure 1`] = `
<DocumentFragment>
  <header>
    <h2>
      Web Dev Extraordinaire!
    </h2>
    <nav>
      <ul>
        <li>
          <a
            href="about"
          >
            About
          </a>
        </li>
        <li>
          <a
            href="projects"
          >
            Projects
          </a>
        </li>
        <li>
          <a
            href="contact"
          >
            Contact
          </a>
        </li>
        <li>
          <a
            href="resume"
          >
            Resume
          </a>
        </li>
      </ul>
    </nav>
  </header>
</DocumentFragment>
`;
