// Jest Snapshot v1, https://goo.gl/fbAQLP

exports[`Contact component matches snapshot DOM node structure 1`] = `
<DocumentFragment>
  <section>
    <div
      class="row g-1"
    >
      <h4
        class="text-center bg-body shadow-sm display-3"
      >
        Contact
      </h4>
    </div>
    <div
      class="container-fluid vw-60"
    >
      <div
        class="grid text-center container"
      >
        <div
          class="d-flex justify-content-between mx-auto p-2"
        >
          <a
            class="display-6"
            href="https://github.com/maddnty"
          >
            Github
          </a>
          <a
            class="display-6"
            href="https://www.linkedin.com/in/nicolas-young-818560227/"
          >
            Linked In
          </a>
          <a
            class="display-6"
            href="https://twitter.com/maddnty"
          >
            Tweet
          </a>
        </div>
        <form
          class="container-fluid"
        >
          <div
            class="d-flex flex-column justify-content-center"
          >
            <fieldset>
              <legend>
                Name
              </legend>
              <div
                class="mb-2"
              >
                <input
                  class=" col form-control text-center"
                  placeholder="First Name"
                  type="text"
                />
              </div>
              <div
                class="mb-3"
              >
                <input
                  class=" col form-control text-center"
                  placeholder="Last Name"
                  type="text"
                />
              </div>
            </fieldset>
            <fieldset>
              <legend>
                Email
              </legend>
              <div
                class="mb-3"
              >
                <input
                  class="form-control"
                  placeholder="email@123.com"
                  type="email"
                />
              </div>
            </fieldset>
            <fieldset>
              <legend>
                Message
              </legend>
              <div
                class="mb-3"
              >
                <textarea
                  class="form-control"
                  placeholder="You're message here..."
                  type="textarea"
                />
              </div>
            </fieldset>
          </div>
          <button
            class="btn btn-success"
            type="submit"
          >
            Send
          </button>
        </form>
      </div>
    </div>
  </section>
</DocumentFragment>
`;
