// Jest Snapshot v1, https://goo.gl/fbAQLP

exports[`Contact component matches snapshot DOM node structure 1`] = `
<DocumentFragment>
  <section>
    <h4>
      Contact
    </h4>
    <div>
      <a
        href="https://github.com/maddnty"
      >
        GitHub
      </a>
      <a
        href="https://www.linkedin.com/in/nicolas-young-818560227/"
      >
        Linked In
      </a>
    </div>
    <form>
      <fieldset>
        <legend>
          Email Me!
        </legend>
        <input
          placeholder="First Name"
          type="text"
        />
        <input
          placeholder="Last Name"
          type="text"
        />
        <input
          placeholder="email@123.com"
          type="email"
        />
        <input
          placeholder="You're message here..."
          type="textarea"
        />
      </fieldset>
    </form>
  </section>
</DocumentFragment>
`;
